---
source: cargo-smart-release/src/changelog/tests/mod.rs
expression: md

---
# Changelog

my very own header

## Unreleased
<csm-unknown>
hello
world
<csm-unknown/>

#### v1.0.2-beta.2 (1970-01-01)
##### Thanks Clippyâ€¦

Clippy is a linter to help keeping code idiomatic. It was helpful 42 time(s) in this release.



