---
source: cargo-smart-release/src/changelog/tests/mod.rs
expression: buf.to_str().unwrap()

---
# Changelog

my very own header

## Unreleased


#### v1.0.2-beta.2 (1970-01-02)



